# serializer version: 1
# name: TestRandomGrid.test_perturb_1_channel
  array([[[0.375 , 0.375 , 0.625 , 0.75  , 0.75  , 0.8125],
          [0.625 , 0.625 , 0.375 , 0.25  , 0.25  , 0.4375],
          [0.5625, 0.5625, 0.1875, 0.    , 0.    , 0.25  ],
          [0.1875, 0.1875, 0.0625, 0.    , 0.    , 0.25  ]],

         [[0.25  , 0.75  , 0.75  , 0.25  , 0.    , 0.    ],
          [0.25  , 0.75  , 0.75  , 0.25  , 0.    , 0.    ],
          [0.25  , 0.75  , 0.75  , 0.25  , 0.    , 0.    ],
          [0.4375, 0.8125, 0.8125, 0.4375, 0.1875, 0.0625]]], dtype=float32)
# ---
# name: TestRandomGrid.test_perturb_3_channel
  array([[[0.375 , 0.375 , 0.625 , 0.75  , 0.75  , 0.8125],
          [0.625 , 0.625 , 0.375 , 0.25  , 0.25  , 0.4375],
          [0.5625, 0.5625, 0.1875, 0.    , 0.    , 0.25  ],
          [0.1875, 0.1875, 0.0625, 0.    , 0.    , 0.25  ]],

         [[0.25  , 0.75  , 0.75  , 0.25  , 0.    , 0.    ],
          [0.25  , 0.75  , 0.75  , 0.25  , 0.    , 0.    ],
          [0.25  , 0.75  , 0.75  , 0.25  , 0.    , 0.    ],
          [0.4375, 0.8125, 0.8125, 0.4375, 0.1875, 0.0625]]], dtype=float32)
# ---
# name: TestRandomGrid.test_threading
  array([[[0.375 , 0.375 , 0.625 , 0.75  , 0.75  , 0.8125],
          [0.625 , 0.625 , 0.375 , 0.25  , 0.25  , 0.4375],
          [0.5625, 0.5625, 0.1875, 0.    , 0.    , 0.25  ],
          [0.1875, 0.1875, 0.0625, 0.    , 0.    , 0.25  ]],

         [[0.25  , 0.75  , 0.75  , 0.25  , 0.    , 0.    ],
          [0.25  , 0.75  , 0.75  , 0.25  , 0.    , 0.    ],
          [0.25  , 0.75  , 0.75  , 0.25  , 0.    , 0.    ],
          [0.4375, 0.8125, 0.8125, 0.4375, 0.1875, 0.0625]]], dtype=float32)
# ---
