# serializer version: 1
# name: TestRISEPerturbation.test_perturb_1channel
  array([[[0.03703704, 0.18518518, 0.33333334, 0.4814815 , 0.6296296 ,
           0.5555556 ],
          [0.05555556, 0.2777778 , 0.5       , 0.7222222 , 0.9444444 ,
           0.8333333 ],
          [0.03703704, 0.18518518, 0.33333334, 0.4814815 , 0.6296296 ,
           0.5555556 ],
          [0.01851852, 0.09259259, 0.16666667, 0.24074075, 0.3148148 ,
           0.2777778 ]],

         [[0.8333333 , 0.9444444 , 0.7222222 , 0.5       , 0.2777778 ,
           0.05555556],
          [0.5555556 , 0.6296296 , 0.4814815 , 0.33333334, 0.18518518,
           0.03703704],
          [0.2777778 , 0.3148148 , 0.24074075, 0.16666667, 0.09259259,
           0.01851852],
          [0.        , 0.        , 0.        , 0.        , 0.        ,
           0.        ]]], dtype=float32)
# ---
# name: TestRISEPerturbation.test_perturb_3channel
  array([[[0.03703704, 0.18518518, 0.33333334, 0.4814815 , 0.6296296 ,
           0.5555556 ],
          [0.05555556, 0.2777778 , 0.5       , 0.7222222 , 0.9444444 ,
           0.8333333 ],
          [0.03703704, 0.18518518, 0.33333334, 0.4814815 , 0.6296296 ,
           0.5555556 ],
          [0.01851852, 0.09259259, 0.16666667, 0.24074075, 0.3148148 ,
           0.2777778 ]],

         [[0.8333333 , 0.9444444 , 0.7222222 , 0.5       , 0.2777778 ,
           0.05555556],
          [0.5555556 , 0.6296296 , 0.4814815 , 0.33333334, 0.18518518,
           0.03703704],
          [0.2777778 , 0.3148148 , 0.24074075, 0.16666667, 0.09259259,
           0.01851852],
          [0.        , 0.        , 0.        , 0.        , 0.        ,
           0.        ]]], dtype=float32)
# ---
