# serializer version: 1
# name: TestMCRISEPerturbation.test_perturb_1channel
  array([[[[0.98148148, 0.90740741, 0.83333333, 0.75925926, 0.68518519,
            0.72222222],
           [1.        , 1.        , 1.        , 1.        , 1.        ,
            1.        ],
           [0.98148148, 0.90740741, 0.83333333, 0.75925926, 0.68518519,
            0.72222222],
           [0.96296296, 0.81481481, 0.66666667, 0.51851852, 0.37037037,
            0.44444444]],

          [[0.83333333, 0.94444444, 0.72222222, 0.5       , 0.27777778,
            0.05555556],
           [0.61111111, 0.64814815, 0.57407407, 0.5       , 0.42592593,
            0.35185185],
           [0.38888889, 0.35185185, 0.42592593, 0.5       , 0.57407407,
            0.64814815],
           [0.16666667, 0.05555556, 0.27777778, 0.5       , 0.72222222,
            0.94444444]]],


         [[[0.05555556, 0.27777778, 0.5       , 0.72222222, 0.94444444,
            0.83333333],
           [0.05555556, 0.27777778, 0.5       , 0.72222222, 0.94444444,
            0.83333333],
           [0.05555556, 0.27777778, 0.5       , 0.72222222, 0.94444444,
            0.83333333],
           [0.05555556, 0.27777778, 0.5       , 0.72222222, 0.94444444,
            0.83333333]],

          [[1.        , 1.        , 1.        , 1.        , 1.        ,
            1.        ],
           [0.94444444, 0.98148148, 0.90740741, 0.83333333, 0.75925926,
            0.68518519],
           [0.88888889, 0.96296296, 0.81481481, 0.66666667, 0.51851852,
            0.37037037],
           [0.83333333, 0.94444444, 0.72222222, 0.5       , 0.27777778,
            0.05555556]]]])
# ---
# name: TestMCRISEPerturbation.test_perturb_3channel
  array([[[[0.98148148, 0.90740741, 0.83333333, 0.75925926, 0.68518519,
            0.72222222],
           [1.        , 1.        , 1.        , 1.        , 1.        ,
            1.        ],
           [0.98148148, 0.90740741, 0.83333333, 0.75925926, 0.68518519,
            0.72222222],
           [0.96296296, 0.81481481, 0.66666667, 0.51851852, 0.37037037,
            0.44444444]],

          [[0.83333333, 0.94444444, 0.72222222, 0.5       , 0.27777778,
            0.05555556],
           [0.61111111, 0.64814815, 0.57407407, 0.5       , 0.42592593,
            0.35185185],
           [0.38888889, 0.35185185, 0.42592593, 0.5       , 0.57407407,
            0.64814815],
           [0.16666667, 0.05555556, 0.27777778, 0.5       , 0.72222222,
            0.94444444]]],


         [[[0.05555556, 0.27777778, 0.5       , 0.72222222, 0.94444444,
            0.83333333],
           [0.05555556, 0.27777778, 0.5       , 0.72222222, 0.94444444,
            0.83333333],
           [0.05555556, 0.27777778, 0.5       , 0.72222222, 0.94444444,
            0.83333333],
           [0.05555556, 0.27777778, 0.5       , 0.72222222, 0.94444444,
            0.83333333]],

          [[1.        , 1.        , 1.        , 1.        , 1.        ,
            1.        ],
           [0.94444444, 0.98148148, 0.90740741, 0.83333333, 0.75925926,
            0.68518519],
           [0.88888889, 0.96296296, 0.81481481, 0.66666667, 0.51851852,
            0.37037037],
           [0.83333333, 0.94444444, 0.72222222, 0.5       , 0.27777778,
            0.05555556]]]])
# ---
